
> gmaps-extractor@0.1.0 build
> next build

node.exe : [baseline-browser-mapping] The data in this module is over two months old.  To ensure accurate Baseline 
data, please update: `npm i baseline-browser-mapping@latest -D`
No linha:1 caractere:1
+ & "C:\Program Files\nodejs/node.exe" "C:\Users\Notbook\AppData\Roamin ...
+ ~~~~~~~~~~~~~~~~~~~~~~~~~~~~~~~~~~~~~~~~~~~~~~~~~~~~~~~~~~~~~~~~~~~~~
    + CategoryInfo          : NotSpecified: ([baseline-brows...ping@latest -D`:String) [], RemoteException
    + FullyQualifiedErrorId : NativeCommandError
 
 ÔÜá turbopack.root should be absolute, using: C:\Users\Notbook\Desktop\zaploto\zaplotoapp
   Ôû▓ Next.js 16.0.7 (Turbopack)
   - Environments: .env

   Creating an optimized production build ...
[baseline-browser-mapping] The data in this module is over two months old.  To ensure accurate Baseline data, please 
update: `npm i baseline-browser-mapping@latest -D`
 Ô£ô Compiled successfully in 31.6s
   Running TypeScript ...
   Collecting page data using 3 workers ...
[baseline-browser-mapping] The data in this module is over two months old.  To ensure accurate Baseline data, please 
update: `npm i baseline-browser-mapping@latest -D`
[baseline-browser-mapping] The data in this module is over two months old.  To ensure accurate Baseline data, please 
update: `npm i baseline-browser-mapping@latest -D`
[baseline-browser-mapping] The data in this module is over two months old.  To ensure accurate Baseline data, please 
update: `npm i baseline-browser-mapping@latest -D`
   Generating static pages using 3 workers (0/134) ...
[baseline-browser-mapping] The data in this module is over two months old.  To ensure accurate Baseline data, please 
update: `npm i baseline-browser-mapping@latest -D`
[baseline-browser-mapping] The data in this module is over two months old.  To ensure accurate Baseline data, please 
update: `npm i baseline-browser-mapping@latest -D`
[baseline-browser-mapping] The data in this module is over two months old.  To ensure accurate Baseline data, please 
update: `npm i baseline-browser-mapping@latest -D`
   Generating static pages using 3 workers (33/134) 
   Generating static pages using 3 workers (66/134) 
   Generating static pages using 3 workers (100/134) 
 Ô£ô Generating static pages using 3 workers (134/134) in 3.5s
   Finalizing page optimization ...

Route (app)
Ôöî Ôùï /
Ôö£ Ôùï /_not-found
Ôö£ Ôùï /add-to-group
Ôö£ Ôùï /admin
Ôö£ Ôùï /admin/ai-agents
Ôö£ Ôùï /admin/chat-instances
Ôö£ Ôùï /admin/flows
Ôö£ ãÆ /admin/flows/[flowId]
Ôö£ ãÆ /admin/flows/[flowId]/activations
Ôö£ ãÆ /admin/flows/[flowId]/executions
Ôö£ Ôùï /admin/login
Ôö£ Ôùï /admin/maturador
Ôö£ Ôùï /admin/webhooks/evolution
Ôö£ Ôùï /admin/webhooks/normalization-rules
Ôö£ Ôùï /ai-agents
Ôö£ Ôùï /anti-spam
Ôö£ ãÆ /api/admin/ai-agents
Ôö£ ãÆ /api/admin/ai-agents/[id]
Ôö£ ãÆ /api/admin/campaigns
Ôö£ ãÆ /api/admin/chat/instances
Ôö£ ãÆ /api/admin/check
Ôö£ ãÆ /api/admin/crm/bancas
Ôö£ ãÆ /api/admin/crm/dashboard
Ôö£ ãÆ /api/admin/crm/tags
Ôö£ ãÆ /api/admin/crm/tags/[id]
Ôö£ ãÆ /api/admin/evolution-apis
Ôö£ ãÆ /api/admin/evolution-apis/[id]
Ôö£ ãÆ /api/admin/evolution-apis/[id]/assign-user
Ôö£ ãÆ /api/admin/evolution-apis/users
Ôö£ ãÆ /api/admin/evolution/groups
Ôö£ ãÆ /api/admin/evolution/instances
Ôö£ ãÆ /api/admin/evolution/instances/[id]
Ôö£ ãÆ /api/admin/evolution/metrics
Ôö£ ãÆ /api/admin/evolution/reset-daily
Ôö£ ãÆ /api/admin/flow-instances
Ôö£ ãÆ /api/admin/flow-instances/[instanceId]
Ôö£ ãÆ /api/admin/flow-instances/all
Ôö£ ãÆ /api/admin/flows
Ôö£ ãÆ /api/admin/flows/[flowId]
Ôö£ ãÆ /api/admin/flows/[flowId]/debug
Ôö£ ãÆ /api/admin/flows/[flowId]/executions
Ôö£ ãÆ /api/admin/flows/[flowId]/test
Ôö£ ãÆ /api/admin/flows/[flowId]/webhook-events
Ôö£ ãÆ /api/admin/flows/executions/[executionId]/re-execute
Ôö£ ãÆ /api/admin/flows/executions/[executionId]/steps
Ôö£ ãÆ /api/admin/flows/sync-agents
Ôö£ ãÆ /api/admin/flows/templates/welcome
Ôö£ ãÆ /api/admin/llm-providers
Ôö£ ãÆ /api/admin/llm-providers/[provider]
Ôö£ ãÆ /api/admin/llm-providers/test
Ôö£ ãÆ /api/admin/maturation/master-instances
Ôö£ ãÆ /api/admin/maturation/virgin-messages
Ôö£ ãÆ /api/admin/maturation/virgin-messages/signed-url
Ôö£ ãÆ /api/admin/maturation/virgin-messages/upload
Ôö£ ãÆ /api/admin/proxy
Ôö£ ãÆ /api/admin/proxy/[id]
Ôö£ ãÆ /api/admin/proxy/[id]/assign-user
Ôö£ ãÆ /api/admin/proxy/users
Ôö£ ãÆ /api/admin/stats
Ôö£ ãÆ /api/admin/users
Ôö£ ãÆ /api/admin/users/[userId]
Ôö£ ãÆ /api/admin/users/[userId]/impersonate
Ôö£ ãÆ /api/admin/users/[userId]/update
Ôö£ ãÆ /api/admin/users/create
Ôö£ ãÆ /api/admin/users/hierarchy
Ôö£ ãÆ /api/admin/users/validate-hierarchy
Ôö£ ãÆ /api/admin/webhooks/evolution/events
Ôö£ ãÆ /api/admin/webhooks/evolution/events-config
Ôö£ ãÆ /api/admin/webhooks/evolution/status
Ôö£ ãÆ /api/admin/webhooks/evolution/test-waiters
Ôö£ ãÆ /api/admin/webhooks/evolution/test-waiters/[id]
Ôö£ ãÆ /api/admin/webhooks/normalization-rules
Ôö£ ãÆ /api/admin/webhooks/normalization-rules/[ruleId]
Ôö£ ãÆ /api/ai-agents
Ôö£ ãÆ /api/ai-agents/[agentId]
Ôö£ ãÆ /api/ai-agents/config
Ôö£ ãÆ /api/ai-agents/config-options
Ôö£ ãÆ /api/ai-agents/flow-agents
Ôö£ ãÆ /api/ai-agents/flow-agents/[agentId]
Ôö£ ãÆ /api/ai/count-tokens
Ôö£ ãÆ /api/ai/generate-image
Ôö£ ãÆ /api/ai/generate-video
Ôö£ ãÆ /api/ai/training/import-message-media
Ôö£ ãÆ /api/ai/video-status
Ôö£ ãÆ /api/campaigns
Ôö£ ãÆ /api/campaigns/[campaignId]
Ôö£ ãÆ /api/campaigns/[campaignId]/check-instances
Ôö£ ãÆ /api/campaigns/create-with-media
Ôö£ ãÆ /api/campaigns/finalize-media
Ôö£ ãÆ /api/campaigns/get-signed-media-url
Ôö£ ãÆ /api/campaigns/process
Ôö£ ãÆ /api/campaigns/start
Ôö£ ãÆ /api/chat/conversations
Ôö£ ãÆ /api/chat/instances
Ôö£ ãÆ /api/chat/messages
Ôö£ ãÆ /api/chat/send
Ôö£ ãÆ /api/consultor/crm
Ôö£ ãÆ /api/consultor/dashboard
Ôö£ ãÆ /api/contacts
Ôö£ ãÆ /api/contacts/custom-lists
Ôö£ ãÆ /api/contacts/import
Ôö£ ãÆ /api/crm/activations/schedule
Ôö£ ãÆ /api/crm/activations/schedules
Ôö£ ãÆ /api/crm/activations/schedules/[id]
Ôö£ ãÆ /api/crm/activations/send
Ôö£ ãÆ /api/crm/bancas
Ôö£ ãÆ /api/crm/groups/create
Ôö£ ãÆ /api/crm/leads
Ôö£ ãÆ /api/crm/leads/feedback
Ôö£ ãÆ /api/crm/leads/tags
Ôö£ ãÆ /api/crm/messages
Ôö£ ãÆ /api/crm/messages/[id]
Ôö£ ãÆ /api/crm/metrics
Ôö£ ãÆ /api/crm/tags
Ôö£ ãÆ /api/dono-banca/consultores/[consultorId]
Ôö£ ãÆ /api/dono-banca/consultores/[consultorId]/crm-details
Ôö£ ãÆ /api/dono-banca/dashboard
Ôö£ ãÆ /api/dono-banca/gerentes/[gerenteId]
Ôö£ ãÆ /api/dono-banca/gerentes/[gerenteId]/top5-consultants
Ôö£ ãÆ /api/dono-banca/users/create
Ôö£ ãÆ /api/flow-instances
Ôö£ ãÆ /api/flow-instances/[instanceId]
Ôö£ ãÆ /api/flows
Ôö£ ãÆ /api/gerente/consultores
Ôö£ ãÆ /api/gerente/consultores/[consultorId]
Ôö£ ãÆ /api/gerente/consultores/[consultorId]/crm
Ôö£ ãÆ /api/gerente/consultores/create
Ôö£ ãÆ /api/gerente/dashboard
Ôö£ ãÆ /api/groups
Ôö£ ãÆ /api/groups/extract-contacts
Ôö£ ãÆ /api/groups/fetch
Ôö£ ãÆ /api/instances
Ôö£ ãÆ /api/instances/[instanceName]
Ôö£ ãÆ /api/instances/[instanceName]/status
Ôö£ ãÆ /api/instances/create
Ôö£ ãÆ /api/kpis
Ôö£ ãÆ /api/list-cleaning
Ôö£ ãÆ /api/list-cleaning/[jobId]
Ôö£ ãÆ /api/list-cleaning/[jobId]/download
Ôö£ ãÆ /api/list-cleaning/[jobId]/verify
Ôö£ ãÆ /api/maturation/jobs
Ôö£ ãÆ /api/maturation/jobs/[jobId]
Ôö£ ãÆ /api/maturation/jobs/[jobId]/messages
Ôö£ ãÆ /api/maturation/master-instances
Ôö£ ãÆ /api/maturation/plans
Ôö£ ãÆ /api/maturation/plans/[planId]
Ôö£ ãÆ /api/maturation/process-now
Ôö£ ãÆ /api/maturation/start
Ôö£ ãÆ /api/maturation/virgin-instances
Ôö£ ãÆ /api/maturation/virgin-instances/[id]
Ôö£ ãÆ /api/maturation/virgin-instances/[id]/logs
Ôö£ ãÆ /api/maturation/virgin-messages-count
Ôö£ ãÆ /api/messages/update-media-url
Ôö£ ãÆ /api/messages/upload-media
Ôö£ ãÆ /api/send-webhook
Ôö£ ãÆ /api/user/heartbeat
Ôö£ ãÆ /api/user/profile
Ôö£ ãÆ /api/user/telefone
Ôö£ ãÆ /api/webhooks/evolution
Ôö£ ãÆ /api/webhooks/evolution/prod
Ôö£ ãÆ /api/webhooks/evolution/test
Ôö£ ãÆ /api/whatsapp/check
Ôö£ Ôùï /campanha/groups
Ôö£ Ôùï /campanhas/editar
Ôö£ Ôùï /chat
Ôö£ Ôùï /consultor
Ôö£ Ôùï /contacts
Ôö£ Ôùï /crm/activations
Ôö£ Ôùï /crm/groups
Ôö£ Ôùï /crm/kanban
Ôö£ ãÆ /dono-banca
Ôö£ ãÆ /dono-banca/consultores/[consultorId]
Ôö£ ãÆ /dono-banca/gerentes/[gerenteId]
Ôö£ Ôùï /gerente
Ôö£ ãÆ /gerente/consultor/[consultorId]
Ôö£ ãÆ /gerente/consultores/[consultorId]/crm
Ôö£ Ôùï /import-contacts
Ôö£ Ôùï /instances
Ôö£ Ôùï /list-cleaning
Ôö£ Ôùï /login
Ôö£ Ôùï /maturador
Ôö£ Ôùï /perfil
Ôöö Ôùï /register


Ôùï  (Static)   prerendered as static content
ãÆ  (Dynamic)  server-rendered on demand

